// Jest Snapshot v1, https://goo.gl/fbAQLP

exports[`render Navbar Matching the snapshot of the navbar 1`] = `
<DocumentFragment>
  <div>
    <nav
      class="navbar navbar-expand-lg navbar-light fixed-top"
    >
      <div
        class="container-fluid"
      >
        <a
          class="navbar-brand text-light"
          href="/"
        >
          <img
            alt=""
            aria-label="favicon"
            class="d-inline-block align-top"
            height="30"
            src="imagi.ico"
            width="30"
          />
          <b>
            -Advisor
          </b>
        </a>
        <button
          aria-controls="navbarNavDropdown"
          aria-expanded="false"
          aria-label="Toggle navigation"
          class="navbar-toggler"
          data-bs-target="#navbarNavDropdown"
          data-bs-toggle="collapse"
          type="button"
        >
          <span
            class="navbar-toggler-icon"
          />
        </button>
        <div
          class="collapse navbar-collapse"
          id="navbarNavDropdown"
        >
          <ul
            class="navbar-nav ms-auto text-center"
          >
            <li
              class="nav-item"
            >
              <a
                class="nav-item nav-link text-light"
                href="/"
              >
                Home
              </a>
            </li>
            <li
              class="nav-item"
            >
              <a
                class="nav-item nav-link text-light"
                href="/howtoapply"
              >
                How to Apply
              </a>
            </li>
            <li
              class="nav-item"
            >
              <a
                class="nav-item nav-link text-light"
                href="/services"
              >
                Services
              </a>
            </li>
            <li
              class="nav-item"
            >
              <a
                class="nav-item nav-link text-light"
                href="/about"
              >
                About
              </a>
            </li>
            <li
              class="nav-item"
            >
              <a
                class="nav-item nav-link text-light"
                href="/faqs"
              >
                FAQS
              </a>
            </li>
            <li
              class="nav-item"
            >
              <a
                class="nav-item nav-link text-light"
                href="/propertydetails"
              >
                Property Details
              </a>
            </li>
            <li
              class="nav-item"
            >
              <a
                class="nav-item nav-link text-light"
                href="/contactus"
              >
                Queries
              </a>
            </li>
          </ul>
        </div>
      </div>
    </nav>
  </div>
</DocumentFragment>
`;
